// Jest Snapshot v1, https://goo.gl/fbAQLP

exports[`should render currency table with given currencies 1`] = `
<table
  className="ui celled very basic table"
>
  <thead
    className=""
  >
    <tr
      className=""
    >
      <th
        className=""
        style={
          Object {
            "width": "50%",
          }
        }
      >
        Currency
      </th>
      <th
        className=""
      >
        Initial Balance
      </th>
    </tr>
  </thead>
  <tbody
    className=""
  >
    <tr
      className=""
    >
      <td
        className=""
      >
        <div
          className="ui checked checkbox"
          onChange={[Function]}
          onClick={[Function]}
          onMouseDown={[Function]}
        >
          <input
            checked={true}
            className="hidden"
            name={undefined}
            readOnly={true}
            tabIndex={0}
            type="checkbox"
            value="USD"
          />
          <label>
            US Dollar
          </label>
        </div>
      </td>
      <td
        className=""
      >
        <div
          className="ui fluid left labeled input"
        >
          <div
            className="ui label"
            onClick={[Function]}
          >
            $
          </div>
          <input
            data-cleave-ignore={
              Array [
                10,
                Object {
                  "initValue": 10,
                  "numeral": true,
                  "numeralDecimalScale": 2,
                },
                undefined,
                [Function],
                undefined,
                undefined,
              ]
            }
            name="USD"
            onChange={[Function]}
            onKeyDown={[Function]}
            type="text"
            value="10"
          />
        </div>
      </td>
    </tr>
    <tr
      className=""
    >
      <td
        className=""
      >
        <div
          className="ui checked checkbox"
          onChange={[Function]}
          onClick={[Function]}
          onMouseDown={[Function]}
        >
          <input
            checked={true}
            className="hidden"
            name={undefined}
            readOnly={true}
            tabIndex={0}
            type="checkbox"
            value="JPY"
          />
          <label>
            Japanese yen
          </label>
        </div>
      </td>
      <td
        className=""
      >
        <div
          className="ui fluid left labeled input"
        >
          <div
            className="ui label"
            onClick={[Function]}
          >
            Â¥
          </div>
          <input
            data-cleave-ignore={
              Array [
                200,
                Object {
                  "initValue": 200,
                  "numeral": true,
                  "numeralDecimalScale": 0,
                },
                undefined,
                [Function],
                undefined,
                undefined,
              ]
            }
            name="JPY"
            onChange={[Function]}
            onKeyDown={[Function]}
            type="text"
            value="200"
          />
        </div>
      </td>
    </tr>
  </tbody>
</table>
`;
